1234:Jozef:Miloslav:Hurban:Legal

4567:Milan:Rastislav:Stefanik:Defence

4563:Jozef::Murgas:Development

File structure does not match the template:
ID:forename:middle_name(optional):surname:department